// Jest Snapshot v1, https://goo.gl/fbAQLP

exports[`Header Test should be match snapshot 1`] = `
<header
  class="sc-jSMfEi eauWbA"
>
  <div
    class="sc-gKXOVf gAOQsw"
  >
    <img
      alt="iFinances Logo"
      src="/iFinances.svg"
    />
    <button
      class="sc-hKMtZM cNKgWr"
    >
      Nova transação
    </button>
  </div>
</header>
`;
